pds_Product_Observational__pds_Identification_Area<1>__pds_logical_identifier<1>,pds_Product_Observational__pds_Identification_Area<1>__pds_version_id<1>,pds_Product_Observational__pds_Identification_Area<1>__pds_title<1>,pds_Product_Observational__pds_Identification_Area<1>__pds_information_model_version<1>,pds_Product_Observational__pds_Observing_System<1>__pds_name<1>,pds_Product_Observational__pds_Observing_System<1>__pds_Observing_System_Component<1>__pds_name<1>,pds_Product_Observational__pds_Observing_System<1>__pds_Observing_System_Component<1>__pds_type<1>,pds_Product_Observational__pds_Observing_System<1>__pds_Observing_System_Component<1>__pds_Internal_Reference<1>__pds_lid_reference<1>,pds_Product_Observational__pds_Observing_System<1>__pds_Observing_System_Component<1>__pds_Internal_Reference<1>__pds_reference_type<1>
urn:nasa:pds:cassini_iss_saturn:data_raw:1455200455n,1.0,Cassini ISS Image 1455200455n.img,1.11.0.0,Cassini Orbiter Imaging Science Subsystem,Cassini Orbiter,Spacecraft,urn:nasa:pds:context:instrument_host:spacecraft.co,is_instrument_host
